Archive member included to satisfy reference by file (symbol)

.\CortexM3\ARM_GCC_541\Debug\Design01.a(PWM_RED.o)
                              .\CortexM3\ARM_GCC_541\Debug\rgb_led.o (PWM_RED_WriteCompare)
.\CortexM3\ARM_GCC_541\Debug\Design01.a(PWM_GREEN.o)
                              .\CortexM3\ARM_GCC_541\Debug\rgb_led.o (PWM_GREEN_WriteCompare)
.\CortexM3\ARM_GCC_541\Debug\Design01.a(PWM_BLUE.o)
                              .\CortexM3\ARM_GCC_541\Debug\rgb_led.o (PWM_BLUE_WriteCompare)
.\CortexM3\ARM_GCC_541\Debug\Design01.a(UART_1.o)
                              .\CortexM3\ARM_GCC_541\Debug\main.o (UART_1_Start)
.\CortexM3\ARM_GCC_541\Debug\Design01.a(isr_uart_rx.o)
                              .\CortexM3\ARM_GCC_541\Debug\main.o (isr_uart_rx_StartEx)
.\CortexM3\ARM_GCC_541\Debug\Design01.a(UART_1_IntClock.o)
                              .\CortexM3\ARM_GCC_541\Debug\Design01.a(UART_1.o) (UART_1_IntClock_Start)
.\CortexM3\ARM_GCC_541\Debug\Design01.a(CyLib.o)
                              .\CortexM3\ARM_GCC_541\Debug\Cm3Start.o (CyHalt)
.\CortexM3\ARM_GCC_541\Debug\Design01.a(cyPm.o)
                              .\CortexM3\ARM_GCC_541\Debug\Design01.a(CyLib.o) (CyPmReadStatus)
.\CortexM3\ARM_GCC_541\Debug\Design01.a(SPIM_led_control.o)
                              .\CortexM3\ARM_GCC_541\Debug\light_control.o (SPIM_led_control_WriteTxData)
.\CortexM3\ARM_GCC_541\Debug\Design01.a(Pin_latch.o)
                              .\CortexM3\ARM_GCC_541\Debug\light_control.o (Pin_latch_Write)
.\CortexM3\ARM_GCC_541\Debug\Design01.a(Timer_led_updater.o)
                              .\CortexM3\ARM_GCC_541\Debug\light_control.o (Timer_led_updater_Start)
.\CortexM3\ARM_GCC_541\Debug\Design01.a(isr_update_leds.o)
                              .\CortexM3\ARM_GCC_541\Debug\light_control.o (isr_update_leds_StartEx)
.\CortexM3\ARM_GCC_541\Debug\Design01.a(Pin_output_enable.o)
                              .\CortexM3\ARM_GCC_541\Debug\light_control.o (Pin_output_enable_Write)
.\CortexM3\ARM_GCC_541\Debug\Design01.a(CyBootAsmGnu.o)
                              .\CortexM3\ARM_GCC_541\Debug\cyfitter_cfg.o (CyDelayCycles)
.\CortexM3\ARM_GCC_541\Debug\Design01.a(CyFlash.o)
                              .\CortexM3\ARM_GCC_541\Debug\Design01.a(cyPm.o) (CyFlash_SetWaitCycles)
.\CortexM3\ARM_GCC_541\Debug\Design01.a(CySpc.o)
                              .\CortexM3\ARM_GCC_541\Debug\Design01.a(CyFlash.o) (CySpcStart)
f:/marcus/software/psoc creator/4.2/psoc creator/import/gnu/arm/5.4.1/bin/../lib/gcc/arm-none-eabi/5.4.1/../../../../arm-none-eabi/lib/armv7-m\libg_nano.a(lib_a-errno.o)
                              .\CortexM3\ARM_GCC_541\Debug\Cm3Start.o (__errno)
f:/marcus/software/psoc creator/4.2/psoc creator/import/gnu/arm/5.4.1/bin/../lib/gcc/arm-none-eabi/5.4.1/../../../../arm-none-eabi/lib/armv7-m\libg_nano.a(lib_a-exit.o)
                              f:/marcus/software/psoc creator/4.2/psoc creator/import/gnu/arm/5.4.1/bin/../lib/gcc/arm-none-eabi/5.4.1/../../../../arm-none-eabi/lib/armv7-m/crt0.o (exit)
f:/marcus/software/psoc creator/4.2/psoc creator/import/gnu/arm/5.4.1/bin/../lib/gcc/arm-none-eabi/5.4.1/../../../../arm-none-eabi/lib/armv7-m\libg_nano.a(lib_a-impure.o)
                              f:/marcus/software/psoc creator/4.2/psoc creator/import/gnu/arm/5.4.1/bin/../lib/gcc/arm-none-eabi/5.4.1/../../../../arm-none-eabi/lib/armv7-m\libg_nano.a(lib_a-exit.o) (_global_impure_ptr)
f:/marcus/software/psoc creator/4.2/psoc creator/import/gnu/arm/5.4.1/bin/../lib/gcc/arm-none-eabi/5.4.1/../../../../arm-none-eabi/lib/armv7-m\libg_nano.a(lib_a-init.o)
                              f:/marcus/software/psoc creator/4.2/psoc creator/import/gnu/arm/5.4.1/bin/../lib/gcc/arm-none-eabi/5.4.1/../../../../arm-none-eabi/lib/armv7-m/crt0.o (__libc_init_array)
f:/marcus/software/psoc creator/4.2/psoc creator/import/gnu/arm/5.4.1/bin/../lib/gcc/arm-none-eabi/5.4.1/../../../../arm-none-eabi/lib/armv7-m\libg_nano.a(lib_a-memcpy-stub.o)
                              .\CortexM3\ARM_GCC_541\Debug\cyfitter_cfg.o (memcpy)
f:/marcus/software/psoc creator/4.2/psoc creator/import/gnu/arm/5.4.1/bin/../lib/gcc/arm-none-eabi/5.4.1/../../../../arm-none-eabi/lib/armv7-m\libg_nano.a(lib_a-memset.o)
                              f:/marcus/software/psoc creator/4.2/psoc creator/import/gnu/arm/5.4.1/bin/../lib/gcc/arm-none-eabi/5.4.1/../../../../arm-none-eabi/lib/armv7-m/crt0.o (memset)

Allocating common symbols
Common symbol       size              file

SPIM_led_control_swStatusRx
                    0x1               .\CortexM3\ARM_GCC_541\Debug\Design01.a(SPIM_led_control.o)
SPIM_led_control_swStatusTx
                    0x1               .\CortexM3\ARM_GCC_541\Debug\Design01.a(SPIM_led_control.o)
dieTemperature      0x2               .\CortexM3\ARM_GCC_541\Debug\Design01.a(CyFlash.o)

Discarded input sections

[...]
Memory Configuration

Name             Origin             Length             Attributes
rom              0x00000000         0x00040000         xr
ram              0x1fff8000         0x00010000         xrw
*default*        0x00000000         0xffffffff

Linker script and memory map

LOAD f:/marcus/software/psoc creator/4.2/psoc creator/import/gnu/arm/5.4.1/bin/../lib/gcc/arm-none-eabi/5.4.1/armv7-m/crti.o
LOAD f:/marcus/software/psoc creator/4.2/psoc creator/import/gnu/arm/5.4.1/bin/../lib/gcc/arm-none-eabi/5.4.1/armv7-m/crtbegin.o
LOAD f:/marcus/software/psoc creator/4.2/psoc creator/import/gnu/arm/5.4.1/bin/../lib/gcc/arm-none-eabi/5.4.1/../../../../arm-none-eabi/lib/armv7-m/crt0.o
START GROUP
LOAD .\CortexM3\ARM_GCC_541\Debug\main.o
LOAD .\CortexM3\ARM_GCC_541\Debug\rgb_led.o
LOAD .\CortexM3\ARM_GCC_541\Debug\light_control.o
LOAD .\CortexM3\ARM_GCC_541\Debug\cyfitter_cfg.o
LOAD .\CortexM3\ARM_GCC_541\Debug\cymetadata.o
LOAD .\CortexM3\ARM_GCC_541\Debug\Cm3Start.o
LOAD .\CortexM3\ARM_GCC_541\Debug\Design01.a
LOAD F:\Marcus\software\PSoC Creator\4.2\PSoC Creator\psoc\content\cycomponentlibrary\CyComponentLibrary.cylib\CortexM3\ARM_GCC_541\Debug\CyComponentLibrary.a
END GROUP
START GROUP
LOAD f:/marcus/software/psoc creator/4.2/psoc creator/import/gnu/arm/5.4.1/bin/../lib/gcc/arm-none-eabi/5.4.1/armv7-m\libgcc.a
LOAD f:/marcus/software/psoc creator/4.2/psoc creator/import/gnu/arm/5.4.1/bin/../lib/gcc/arm-none-eabi/5.4.1/../../../../arm-none-eabi/lib/armv7-m\libg_nano.a
LOAD f:/marcus/software/psoc creator/4.2/psoc creator/import/gnu/arm/5.4.1/bin/../lib/gcc/arm-none-eabi/5.4.1/../../../../arm-none-eabi/lib/armv7-m\libc_nano.a
END GROUP
START GROUP
LOAD f:/marcus/software/psoc creator/4.2/psoc creator/import/gnu/arm/5.4.1/bin/../lib/gcc/arm-none-eabi/5.4.1/armv7-m\libgcc.a
LOAD f:/marcus/software/psoc creator/4.2/psoc creator/import/gnu/arm/5.4.1/bin/../lib/gcc/arm-none-eabi/5.4.1/../../../../arm-none-eabi/lib/armv7-m\libc_nano.a
END GROUP
LOAD f:/marcus/software/psoc creator/4.2/psoc creator/import/gnu/arm/5.4.1/bin/../lib/gcc/arm-none-eabi/5.4.1/armv7-m/crtend.o
LOAD f:/marcus/software/psoc creator/4.2/psoc creator/import/gnu/arm/5.4.1/bin/../lib/gcc/arm-none-eabi/5.4.1/armv7-m/crtn.o
START GROUP
LOAD f:/marcus/software/psoc creator/4.2/psoc creator/import/gnu/arm/5.4.1/bin/../lib/gcc/arm-none-eabi/5.4.1/armv7-m\libgcc.a
LOAD f:/marcus/software/psoc creator/4.2/psoc creator/import/gnu/arm/5.4.1/bin/../lib/gcc/arm-none-eabi/5.4.1/../../../../arm-none-eabi/lib/armv7-m\libc.a
LOAD f:/marcus/software/psoc creator/4.2/psoc creator/import/gnu/arm/5.4.1/bin/../lib/gcc/arm-none-eabi/5.4.1/../../../../arm-none-eabi/lib/armv7-m\libnosys.a
END GROUP
                0x00000000                CY_APPL_ORIGIN = 0x0
                0x00000100                CY_FLASH_ROW_SIZE = 0x100
                0x00000020                CY_ECC_ROW_SIZE = 0x20
                0x00000000                CY_EE_IN_BTLDR = 0x0
                0x00000000                CY_APPL_LOADABLE = 0x0
                0x00000800                CY_EE_SIZE = 0x800
                0x00000001                CY_APPL_NUM = 0x1
                0x00000001                CY_APPL_MAX = 0x1
                0x00000040                CY_METADATA_SIZE = 0x40
                0x00000000                CY_APPL_LOADABLE = 0x0
                0x00000000                CY_CHECKSUM_EXCLUDE_SIZE = ALIGN (0x0, CY_FLASH_ROW_SIZE)
                [!provide]                PROVIDE (__cy_heap_start, _end)
                0x00000001                PROVIDE (__cy_region_num, ((__cy_regions_end - __cy_regions) / 0x10))
                0x20008000                PROVIDE (__cy_stack, (ORIGIN (ram) + LENGTH (ram)))
                [!provide]                PROVIDE (__cy_heap_end, (__cy_stack - 0x800))

.cybootloader   0x00000000        0x0
 *(.cybootloader)
                0x00000000                appl1_start = CY_APPL_ORIGIN?CY_APPL_ORIGIN:ALIGN (CY_FLASH_ROW_SIZE)
                0x0001ff00                appl2_start = (appl1_start + ALIGN ((((LENGTH (rom) - appl1_start) - (0x2 * CY_FLASH_ROW_SIZE)) / 0x2), CY_FLASH_ROW_SIZE))
                0x00000000                appl_start = (CY_APPL_NUM == 0x1)?appl1_start:appl2_start
                0x00000000                ecc_offset = ((appl_start / CY_FLASH_ROW_SIZE) * CY_ECC_ROW_SIZE)
                0x00000000                ee_offset = (CY_APPL_LOADABLE && ! (CY_EE_IN_BTLDR))?((CY_EE_SIZE / CY_APPL_MAX) * (CY_APPL_NUM - 0x1)):0x0
                0x00000800                ee_size = (CY_APPL_LOADABLE && ! (CY_EE_IN_BTLDR))?(CY_EE_SIZE / CY_APPL_MAX):CY_EE_SIZE
                [!provide]                PROVIDE (CY_ECC_OFFSET, ecc_offset)

.text           0x00000000      0xd96
 CREATE_OBJECT_SYMBOLS
                0x00000000                PROVIDE (__cy_interrupt_vector, RomVectors)
 *(.romvectors)
 .romvectors    0x00000000       0x10 .\CortexM3\ARM_GCC_541\Debug\Cm3Start.o
                0x00000000                RomVectors
                0x00000001                ASSERT ((. != __cy_interrupt_vector), No interrupt vector)
                0x00000001                ASSERT (CY_APPL_ORIGIN?(SIZEOF (.cybootloader) <= CY_APPL_ORIGIN):0x1, Wrong image location)
                0x00000010                PROVIDE (__cy_reset, Reset)
 *(.text.Reset)
 .text.Reset    0x00000010       0x18 .\CortexM3\ARM_GCC_541\Debug\Cm3Start.o
                0x00000010                Reset
                0x00000001                ASSERT ((. != __cy_reset), No reset code)
 *(.dma_init)
                0x00000001                ASSERT ((((appl_start + .) <= 0x10000) || 0x1), DMA Init must be within the first 64k of flash)
 *(.text .text.* .gnu.linkonce.t.*)
 .text          0x00000028       0x5c f:/marcus/software/psoc creator/4.2/psoc creator/import/gnu/arm/5.4.1/bin/../lib/gcc/arm-none-eabi/5.4.1/armv7-m/crtbegin.o
 .text.main     0x00000084       0x24 .\CortexM3\ARM_GCC_541\Debug\main.o
                0x00000084                main
 .text.handleByteReceived
                0x000000a8      0x174 .\CortexM3\ARM_GCC_541\Debug\main.o
                0x000000a8                handleByteReceived
 .text.ISR_UART_rx_handler
                0x0000021c       0x24 .\CortexM3\ARM_GCC_541\Debug\main.o
                0x0000021c                ISR_UART_rx_handler
 .text.initRGBLED
                0x00000240       0x10 .\CortexM3\ARM_GCC_541\Debug\rgb_led.o
                0x00000240                initRGBLED
 .text.setRed   0x00000250        0xc .\CortexM3\ARM_GCC_541\Debug\rgb_led.o
                0x00000250                setRed
 .text.setGreen
                0x0000025c        0xc .\CortexM3\ARM_GCC_541\Debug\rgb_led.o
                0x0000025c                setGreen
 .text.setBlue  0x00000268        0xc .\CortexM3\ARM_GCC_541\Debug\rgb_led.o
                0x00000268                setBlue
 .text.setColor
                0x00000274       0x24 .\CortexM3\ARM_GCC_541\Debug\rgb_led.o
                0x00000274                setColor
 .text.latchShiftReg
                0x00000298       0x18 .\CortexM3\ARM_GCC_541\Debug\light_control.o
                0x00000298                latchShiftReg
 .text.disableLights
                0x000002b0        0xc .\CortexM3\ARM_GCC_541\Debug\light_control.o
                0x000002b0                disableLights
 .text.enableLights
                0x000002bc        0xc .\CortexM3\ARM_GCC_541\Debug\light_control.o
                0x000002bc                enableLights
 .text.updateLight
                0x000002c8       0x50 .\CortexM3\ARM_GCC_541\Debug\light_control.o
                0x000002c8                updateLight
 .text.led_updater_handler
                0x00000318        0x8 .\CortexM3\ARM_GCC_541\Debug\light_control.o
                0x00000318                led_updater_handler
 .text.controlLight
                0x00000320       0x24 .\CortexM3\ARM_GCC_541\Debug\light_control.o
                0x00000320                controlLight
 .text.controlAllLights
                0x00000344       0x20 .\CortexM3\ARM_GCC_541\Debug\light_control.o
                0x00000344                controlAllLights
 .text.initLedControl
                0x00000364       0x38 .\CortexM3\ARM_GCC_541\Debug\light_control.o
                0x00000364                initLedControl
 .text.CyClockStartupError
                0x0000039c        0x4 .\CortexM3\ARM_GCC_541\Debug\cyfitter_cfg.o
 .text.cfg_write_bytes32
                0x000003a0       0x34 .\CortexM3\ARM_GCC_541\Debug\cyfitter_cfg.o
 .text.AnalogSetDefault
                0x000003d4       0x28 .\CortexM3\ARM_GCC_541\Debug\cyfitter_cfg.o
 .text.CYMEMZERO
                0x000003fc        0xc .\CortexM3\ARM_GCC_541\Debug\cyfitter_cfg.o
 .text.ClockSetup
                0x00000408       0xe4 .\CortexM3\ARM_GCC_541\Debug\cyfitter_cfg.o
 .text.CYCONFIGCPY
                0x000004ec        0x8 .\CortexM3\ARM_GCC_541\Debug\cyfitter_cfg.o
 .text.cyfitter_cfg
                0x000004f4      0x120 .\CortexM3\ARM_GCC_541\Debug\cyfitter_cfg.o
                0x000004f4                cyfitter_cfg
 .text.IntDefaultHandler
                0x00000614       0x10 .\CortexM3\ARM_GCC_541\Debug\Cm3Start.o
                0x00000614                IntDefaultHandler
 .text.Start_c  0x00000624       0x4c .\CortexM3\ARM_GCC_541\Debug\Cm3Start.o
                0x00000624                Start_c
 .text.initialize_psoc
                0x00000670       0x68 .\CortexM3\ARM_GCC_541\Debug\Cm3Start.o
                0x00000670                initialize_psoc
 .text.PWM_RED_Enable
                0x000006d8       0x10 .\CortexM3\ARM_GCC_541\Debug\Design01.a(PWM_RED.o)
                0x000006d8                PWM_RED_Enable
 .text.PWM_RED_WriteCounter
                0x000006e8        0xc .\CortexM3\ARM_GCC_541\Debug\Design01.a(PWM_RED.o)
                0x000006e8                PWM_RED_WriteCounter
 .text.PWM_RED_WritePeriod
                0x000006f4        0xc .\CortexM3\ARM_GCC_541\Debug\Design01.a(PWM_RED.o)
                0x000006f4                PWM_RED_WritePeriod
 .text.PWM_RED_WriteCompare
                0x00000700        0xc .\CortexM3\ARM_GCC_541\Debug\Design01.a(PWM_RED.o)
                0x00000700                PWM_RED_WriteCompare
 .text.PWM_RED_SetInterruptMode
                0x0000070c        0xc .\CortexM3\ARM_GCC_541\Debug\Design01.a(PWM_RED.o)
                0x0000070c                PWM_RED_SetInterruptMode
 .text.PWM_RED_ReadStatusRegister
                0x00000718        0xc .\CortexM3\ARM_GCC_541\Debug\Design01.a(PWM_RED.o)
                0x00000718                PWM_RED_ReadStatusRegister
 .text.PWM_RED_ReadCapture
                0x00000724        0xc .\CortexM3\ARM_GCC_541\Debug\Design01.a(PWM_RED.o)
                0x00000724                PWM_RED_ReadCapture
 .text.PWM_RED_ClearFIFO
                0x00000730       0x14 .\CortexM3\ARM_GCC_541\Debug\Design01.a(PWM_RED.o)
                0x00000730                PWM_RED_ClearFIFO
 .text.PWM_RED_Init
                0x00000744       0x50 .\CortexM3\ARM_GCC_541\Debug\Design01.a(PWM_RED.o)
                0x00000744                PWM_RED_Init
 .text.PWM_RED_Start
                0x00000794       0x1c .\CortexM3\ARM_GCC_541\Debug\Design01.a(PWM_RED.o)
                0x00000794                PWM_RED_Start
 .text.PWM_GREEN_Enable
                0x000007b0       0x10 .\CortexM3\ARM_GCC_541\Debug\Design01.a(PWM_GREEN.o)
                0x000007b0                PWM_GREEN_Enable
 .text.PWM_GREEN_WriteCounter
                0x000007c0        0xc .\CortexM3\ARM_GCC_541\Debug\Design01.a(PWM_GREEN.o)
                0x000007c0                PWM_GREEN_WriteCounter
 .text.PWM_GREEN_WritePeriod
                0x000007cc        0xc .\CortexM3\ARM_GCC_541\Debug\Design01.a(PWM_GREEN.o)
                0x000007cc                PWM_GREEN_WritePeriod
 .text.PWM_GREEN_WriteCompare
                0x000007d8        0xc .\CortexM3\ARM_GCC_541\Debug\Design01.a(PWM_GREEN.o)
                0x000007d8                PWM_GREEN_WriteCompare
 .text.PWM_GREEN_SetInterruptMode
                0x000007e4        0xc .\CortexM3\ARM_GCC_541\Debug\Design01.a(PWM_GREEN.o)
                0x000007e4                PWM_GREEN_SetInterruptMode
 .text.PWM_GREEN_ReadStatusRegister
                0x000007f0        0xc .\CortexM3\ARM_GCC_541\Debug\Design01.a(PWM_GREEN.o)
                0x000007f0                PWM_GREEN_ReadStatusRegister
 .text.PWM_GREEN_ReadCapture
                0x000007fc        0xc .\CortexM3\ARM_GCC_541\Debug\Design01.a(PWM_GREEN.o)
                0x000007fc                PWM_GREEN_ReadCapture
 .text.PWM_GREEN_ClearFIFO
                0x00000808       0x14 .\CortexM3\ARM_GCC_541\Debug\Design01.a(PWM_GREEN.o)
                0x00000808                PWM_GREEN_ClearFIFO
 .text.PWM_GREEN_Init
                0x0000081c       0x50 .\CortexM3\ARM_GCC_541\Debug\Design01.a(PWM_GREEN.o)
                0x0000081c                PWM_GREEN_Init
 .text.PWM_GREEN_Start
                0x0000086c       0x1c .\CortexM3\ARM_GCC_541\Debug\Design01.a(PWM_GREEN.o)
                0x0000086c                PWM_GREEN_Start
 .text.PWM_BLUE_Enable
                0x00000888       0x10 .\CortexM3\ARM_GCC_541\Debug\Design01.a(PWM_BLUE.o)
                0x00000888                PWM_BLUE_Enable
 .text.PWM_BLUE_WriteCounter
                0x00000898        0xc .\CortexM3\ARM_GCC_541\Debug\Design01.a(PWM_BLUE.o)
                0x00000898                PWM_BLUE_WriteCounter
 .text.PWM_BLUE_WritePeriod
                0x000008a4        0xc .\CortexM3\ARM_GCC_541\Debug\Design01.a(PWM_BLUE.o)
                0x000008a4                PWM_BLUE_WritePeriod
 .text.PWM_BLUE_WriteCompare
                0x000008b0        0xc .\CortexM3\ARM_GCC_541\Debug\Design01.a(PWM_BLUE.o)
                0x000008b0                PWM_BLUE_WriteCompare
 .text.PWM_BLUE_SetInterruptMode
                0x000008bc        0xc .\CortexM3\ARM_GCC_541\Debug\Design01.a(PWM_BLUE.o)
                0x000008bc                PWM_BLUE_SetInterruptMode
 .text.PWM_BLUE_ReadStatusRegister
                0x000008c8        0xc .\CortexM3\ARM_GCC_541\Debug\Design01.a(PWM_BLUE.o)
                0x000008c8                PWM_BLUE_ReadStatusRegister
 .text.PWM_BLUE_ReadCapture
                0x000008d4        0xc .\CortexM3\ARM_GCC_541\Debug\Design01.a(PWM_BLUE.o)
                0x000008d4                PWM_BLUE_ReadCapture
 .text.PWM_BLUE_ClearFIFO
                0x000008e0       0x14 .\CortexM3\ARM_GCC_541\Debug\Design01.a(PWM_BLUE.o)
                0x000008e0                PWM_BLUE_ClearFIFO
 .text.PWM_BLUE_Init
                0x000008f4       0x54 .\CortexM3\ARM_GCC_541\Debug\Design01.a(PWM_BLUE.o)
                0x000008f4                PWM_BLUE_Init
 .text.PWM_BLUE_Start
                0x00000948       0x1c .\CortexM3\ARM_GCC_541\Debug\Design01.a(PWM_BLUE.o)
                0x00000948                PWM_BLUE_Start
 .text.UART_1_Init
                0x00000964       0x28 .\CortexM3\ARM_GCC_541\Debug\Design01.a(UART_1.o)
                0x00000964                UART_1_Init
 .text.UART_1_Enable
                0x0000098c       0x38 .\CortexM3\ARM_GCC_541\Debug\Design01.a(UART_1.o)
                0x0000098c                UART_1_Enable
 .text.UART_1_Start
                0x000009c4       0x1c .\CortexM3\ARM_GCC_541\Debug\Design01.a(UART_1.o)
                0x000009c4                UART_1_Start
 .text.UART_1_ReadRxData
                0x000009e0        0xc .\CortexM3\ARM_GCC_541\Debug\Design01.a(UART_1.o)
                0x000009e0                UART_1_ReadRxData
 .text.UART_1_GetRxBufferSize
                0x000009ec       0x18 .\CortexM3\ARM_GCC_541\Debug\Design01.a(UART_1.o)
                0x000009ec                UART_1_GetRxBufferSize
 .text.UART_1_WriteTxData
                0x00000a04       0x14 .\CortexM3\ARM_GCC_541\Debug\Design01.a(UART_1.o)
                0x00000a04                UART_1_WriteTxData
 .text.UART_1_PutChar
                0x00000a18       0x18 .\CortexM3\ARM_GCC_541\Debug\Design01.a(UART_1.o)
                0x00000a18                UART_1_PutChar
 .text.UART_1_PutString
                0x00000a30       0x24 .\CortexM3\ARM_GCC_541\Debug\Design01.a(UART_1.o)
                0x00000a30                UART_1_PutString
 .text.isr_uart_rx_SetVector
                0x00000a54        0xc .\CortexM3\ARM_GCC_541\Debug\Design01.a(isr_uart_rx.o)
                0x00000a54                isr_uart_rx_SetVector
 .text.isr_uart_rx_SetPriority
                0x00000a60       0x10 .\CortexM3\ARM_GCC_541\Debug\Design01.a(isr_uart_rx.o)
                0x00000a60                isr_uart_rx_SetPriority
 .text.isr_uart_rx_Enable
                0x00000a70        0xc .\CortexM3\ARM_GCC_541\Debug\Design01.a(isr_uart_rx.o)
                0x00000a70                isr_uart_rx_Enable
 .text.isr_uart_rx_Disable
                0x00000a7c        0xc .\CortexM3\ARM_GCC_541\Debug\Design01.a(isr_uart_rx.o)
                0x00000a7c                isr_uart_rx_Disable
 .text.isr_uart_rx_StartEx
                0x00000a88       0x1c .\CortexM3\ARM_GCC_541\Debug\Design01.a(isr_uart_rx.o)
                0x00000a88                isr_uart_rx_StartEx
 .text.UART_1_IntClock_Start
                0x00000aa4       0x1c .\CortexM3\ARM_GCC_541\Debug\Design01.a(UART_1_IntClock.o)
                0x00000aa4                UART_1_IntClock_Start
 .text.SPIM_led_control_Enable
                0x00000ac0       0x30 .\CortexM3\ARM_GCC_541\Debug\Design01.a(SPIM_led_control.o)
                0x00000ac0                SPIM_led_control_Enable
 .text.SPIM_led_control_ReadTxStatus
                0x00000af0        0xc .\CortexM3\ARM_GCC_541\Debug\Design01.a(SPIM_led_control.o)
                0x00000af0                SPIM_led_control_ReadTxStatus
 .text.SPIM_led_control_ReadRxStatus
                0x00000afc        0xc .\CortexM3\ARM_GCC_541\Debug\Design01.a(SPIM_led_control.o)
                0x00000afc                SPIM_led_control_ReadRxStatus
 .text.SPIM_led_control_WriteTxData
                0x00000b08       0x18 .\CortexM3\ARM_GCC_541\Debug\Design01.a(SPIM_led_control.o)
                0x00000b08                SPIM_led_control_WriteTxData
 .text.SPIM_led_control_ClearFIFO
                0x00000b20       0x3c .\CortexM3\ARM_GCC_541\Debug\Design01.a(SPIM_led_control.o)
                0x00000b20                SPIM_led_control_ClearFIFO
 .text.SPIM_led_control_Init
                0x00000b5c       0x28 .\CortexM3\ARM_GCC_541\Debug\Design01.a(SPIM_led_control.o)
                0x00000b5c                SPIM_led_control_Init
 .text.SPIM_led_control_Start
                0x00000b84       0x1c .\CortexM3\ARM_GCC_541\Debug\Design01.a(SPIM_led_control.o)
                0x00000b84                SPIM_led_control_Start
 .text.Pin_latch_Write
                0x00000ba0       0x18 .\CortexM3\ARM_GCC_541\Debug\Design01.a(Pin_latch.o)
                0x00000ba0                Pin_latch_Write
 .text.Timer_led_updater_Enable
                0x00000bb8       0x28 .\CortexM3\ARM_GCC_541\Debug\Design01.a(Timer_led_updater.o)
                0x00000bb8                Timer_led_updater_Enable
 .text.Timer_led_updater_SetInterruptMode
                0x00000be0        0xc .\CortexM3\ARM_GCC_541\Debug\Design01.a(Timer_led_updater.o)
                0x00000be0                Timer_led_updater_SetInterruptMode
 .text.Timer_led_updater_WritePeriod
                0x00000bec        0xc .\CortexM3\ARM_GCC_541\Debug\Design01.a(Timer_led_updater.o)
                0x00000bec                Timer_led_updater_WritePeriod
 .text.Timer_led_updater_WriteCounter
                0x00000bf8        0xc .\CortexM3\ARM_GCC_541\Debug\Design01.a(Timer_led_updater.o)
                0x00000bf8                Timer_led_updater_WriteCounter
 .text.Timer_led_updater_Init
                0x00000c04       0x64 .\CortexM3\ARM_GCC_541\Debug\Design01.a(Timer_led_updater.o)
                0x00000c04                Timer_led_updater_Init
 .text.Timer_led_updater_Start
                0x00000c68       0x1c .\CortexM3\ARM_GCC_541\Debug\Design01.a(Timer_led_updater.o)
                0x00000c68                Timer_led_updater_Start
 .text.isr_update_leds_SetVector
                0x00000c84       0x10 .\CortexM3\ARM_GCC_541\Debug\Design01.a(isr_update_leds.o)
                0x00000c84                isr_update_leds_SetVector
 .text.isr_update_leds_SetPriority
                0x00000c94       0x10 .\CortexM3\ARM_GCC_541\Debug\Design01.a(isr_update_leds.o)
                0x00000c94                isr_update_leds_SetPriority
 .text.isr_update_leds_Enable
                0x00000ca4       0x10 .\CortexM3\ARM_GCC_541\Debug\Design01.a(isr_update_leds.o)
                0x00000ca4                isr_update_leds_Enable
 .text.isr_update_leds_Disable
                0x00000cb4       0x10 .\CortexM3\ARM_GCC_541\Debug\Design01.a(isr_update_leds.o)
                0x00000cb4                isr_update_leds_Disable
 .text.isr_update_leds_StartEx
                0x00000cc4       0x1c .\CortexM3\ARM_GCC_541\Debug\Design01.a(isr_update_leds.o)
                0x00000cc4                isr_update_leds_StartEx
 .text.Pin_output_enable_Write
                0x00000ce0       0x18 .\CortexM3\ARM_GCC_541\Debug\Design01.a(Pin_output_enable.o)
                0x00000ce0                Pin_output_enable_Write
 .text          0x00000cf8       0x20 .\CortexM3\ARM_GCC_541\Debug\Design01.a(CyBootAsmGnu.o)
                0x00000cf8                CyDelayCycles
                0x00000d08                CyEnterCriticalSection
                0x00000d10                CyExitCriticalSection
 .text.__errno  0x00000d18        0xc f:/marcus/software/psoc creator/4.2/psoc creator/import/gnu/arm/5.4.1/bin/../lib/gcc/arm-none-eabi/5.4.1/../../../../arm-none-eabi/lib/armv7-m\libg_nano.a(lib_a-errno.o)
                0x00000d18                __errno
 .text.__libc_init_array
                0x00000d24       0x4c f:/marcus/software/psoc creator/4.2/psoc creator/import/gnu/arm/5.4.1/bin/../lib/gcc/arm-none-eabi/5.4.1/../../../../arm-none-eabi/lib/armv7-m\libg_nano.a(lib_a-init.o)
                0x00000d24                __libc_init_array
 .text.memcpy   0x00000d70       0x16 f:/marcus/software/psoc creator/4.2/psoc creator/import/gnu/arm/5.4.1/bin/../lib/gcc/arm-none-eabi/5.4.1/../../../../arm-none-eabi/lib/armv7-m\libg_nano.a(lib_a-memcpy-stub.o)
                0x00000d70                memcpy
 .text.memset   0x00000d86       0x10 f:/marcus/software/psoc creator/4.2/psoc creator/import/gnu/arm/5.4.1/bin/../lib/gcc/arm-none-eabi/5.4.1/../../../../arm-none-eabi/lib/armv7-m\libg_nano.a(lib_a-memset.o)
                0x00000d86                memset
 *(.plt)
 *(.gnu.warning)
 *(.glue_7t)
 .glue_7t       0x00000d96        0x0 linker stubs
 *(.glue_7)
 .glue_7        0x00000d96        0x0 linker stubs
 *(.vfp11_veneer)
 .vfp11_veneer  0x00000d96        0x0 linker stubs
 *(.bootloader)
 *(.ARM.extab* .gnu.linkonce.armextab.*)
 *(.gcc_except_table)

.v4_bx          0x00000d98        0x0
 .v4_bx         0x00000d98        0x0 linker stubs

.iplt           0x00000d98        0x0
 .iplt          0x00000d98        0x0 f:/marcus/software/psoc creator/4.2/psoc creator/import/gnu/arm/5.4.1/bin/../lib/gcc/arm-none-eabi/5.4.1/armv7-m/crtbegin.o

.eh_frame_hdr
 *(.eh_frame_hdr)

.eh_frame       0x00000d98        0x4
 *(.eh_frame)
 .eh_frame      0x00000d98        0x0 f:/marcus/software/psoc creator/4.2/psoc creator/import/gnu/arm/5.4.1/bin/../lib/gcc/arm-none-eabi/5.4.1/armv7-m/crtbegin.o
 .eh_frame      0x00000d98        0x4 f:/marcus/software/psoc creator/4.2/psoc creator/import/gnu/arm/5.4.1/bin/../lib/gcc/arm-none-eabi/5.4.1/armv7-m/crtend.o
                [!provide]                PROVIDE (__exidx_start, .)

.ARM.exidx
 *(.ARM.exidx* .gnu.linkonce.armexidx.*)
                0x00000d9c                __exidx_end = .

.rodata         0x00000d9c       0xdc
 *(.rodata .rodata.* .gnu.linkonce.r.*)
 .rodata        0x00000d9c        0xf .\CortexM3\ARM_GCC_541\Debug\main.o
 *fill*         0x00000dab        0x1 
 .rodata.str1.4
                0x00000dac       0x50 .\CortexM3\ARM_GCC_541\Debug\main.o
                                 0x4e (size before relaxing)
 .rodata        0x00000dfc        0x3 .\CortexM3\ARM_GCC_541\Debug\light_control.o
 *fill*         0x00000dff        0x1 
 .rodata        0x00000e00       0x42 .\CortexM3\ARM_GCC_541\Debug\cyfitter_cfg.o
 .rodata.str1.1
                0x00000e42        0x2 f:/marcus/software/psoc creator/4.2/psoc creator/import/gnu/arm/5.4.1/bin/../lib/gcc/arm-none-eabi/5.4.1/../../../../arm-none-eabi/lib/armv7-m\libg_nano.a(lib_a-impure.o)
                0x00000e44                . = ALIGN (0x4)
 *(.init)
 .init          0x00000e44        0x4 f:/marcus/software/psoc creator/4.2/psoc creator/import/gnu/arm/5.4.1/bin/../lib/gcc/arm-none-eabi/5.4.1/armv7-m/crti.o
                0x00000e44                _init
 .init          0x00000e48        0x8 f:/marcus/software/psoc creator/4.2/psoc creator/import/gnu/arm/5.4.1/bin/../lib/gcc/arm-none-eabi/5.4.1/armv7-m/crtn.o
                0x00000e50                . = ALIGN (0x4)
                0x00000e50                __preinit_array_start = .
 *(.preinit_array)
                0x00000e50                __preinit_array_end = .
                0x00000e50                . = ALIGN (0x4)
                0x00000e50                __init_array_start = .
 *(SORT(.init_array.*))
 *(.init_array)
 .init_array    0x00000e50        0x4 f:/marcus/software/psoc creator/4.2/psoc creator/import/gnu/arm/5.4.1/bin/../lib/gcc/arm-none-eabi/5.4.1/armv7-m/crtbegin.o
 .init_array    0x00000e54        0x4 .\CortexM3\ARM_GCC_541\Debug\Cm3Start.o
                0x00000e58                __init_array_end = .
                0x00000e58                . = ALIGN (0x4)
 *(.fini)
 .fini          0x00000e58        0x4 f:/marcus/software/psoc creator/4.2/psoc creator/import/gnu/arm/5.4.1/bin/../lib/gcc/arm-none-eabi/5.4.1/armv7-m/crti.o
                0x00000e58                _fini
 .fini          0x00000e5c        0x8 f:/marcus/software/psoc creator/4.2/psoc creator/import/gnu/arm/5.4.1/bin/../lib/gcc/arm-none-eabi/5.4.1/armv7-m/crtn.o
                0x00000e64                . = ALIGN (0x4)
                0x00000e64                __fini_array_start = .
 *(.fini_array)
 .fini_array    0x00000e64        0x4 f:/marcus/software/psoc creator/4.2/psoc creator/import/gnu/arm/5.4.1/bin/../lib/gcc/arm-none-eabi/5.4.1/armv7-m/crtbegin.o
 *(SORT(.fini_array.*))
                0x00000e68                __fini_array_end = .
                0x00000e68                . = ALIGN (0x4)
 *crtbegin.o(.ctors)
 *(EXCLUDE_FILE(*crtend.o) .ctors)
 *(SORT(.ctors.*))
 *crtend.o(.ctors)
                0x00000e68                . = ALIGN (0x4)
 *crtbegin.o(.dtors)
 *(EXCLUDE_FILE(*crtend.o) .dtors)
 *(SORT(.dtors.*))
 *crtend.o(.dtors)
                0x00000e68                . = ALIGN (0x4)
                0x00000e68                __cy_regions = .
                0x00000e68        0x4 LONG 0xe78 __cy_region_init_ram
                0x00000e6c        0x4 LONG 0x1fff80c8 __cy_region_start_data
                0x00000e70        0x4 LONG 0x68 __cy_region_init_size_ram
                0x00000e74        0x4 LONG 0x50 __cy_region_zero_size_ram
                0x00000e78                __cy_regions_end = .
                0x00000e78                . = ALIGN (0x8)
                0x00000e78                _etext = .

.cy_checksum_exclude
                0x00000e78        0x0
 *(.cy_checksum_exclude)

.ramvectors     0x1fff8000       0xc0
                0x1fff8000                __cy_region_start_ram = .
 *(.ramvectors)
 .ramvectors    0x1fff8000       0xc0 .\CortexM3\ARM_GCC_541\Debug\Cm3Start.o
                0x1fff8000                CyRamVectors

.noinit         0x1fff80c0        0x1
 *(.noinit)
 .noinit        0x1fff80c0        0x1 .\CortexM3\ARM_GCC_541\Debug\Design01.a(CyLib.o)
                0x1fff80c0                CyResetStatus

.data           0x1fff80c8       0x68 load address 0x00000e78
                0x1fff80c8                __cy_region_start_data = .
 *(.jcr)
 .jcr           0x1fff80c8        0x0 f:/marcus/software/psoc creator/4.2/psoc creator/import/gnu/arm/5.4.1/bin/../lib/gcc/arm-none-eabi/5.4.1/armv7-m/crtbegin.o
 .jcr           0x1fff80c8        0x4 f:/marcus/software/psoc creator/4.2/psoc creator/import/gnu/arm/5.4.1/bin/../lib/gcc/arm-none-eabi/5.4.1/armv7-m/crtend.o
 *(.got.plt)
 *(.got)
 *(.shdata)
 *(.data .data.* .gnu.linkonce.d.*)
 .data.impure_data
                0x1fff80cc       0x60 f:/marcus/software/psoc creator/4.2/psoc creator/import/gnu/arm/5.4.1/bin/../lib/gcc/arm-none-eabi/5.4.1/../../../../arm-none-eabi/lib/armv7-m\libg_nano.a(lib_a-impure.o)
 .data._impure_ptr
                0x1fff812c        0x4 f:/marcus/software/psoc creator/4.2/psoc creator/import/gnu/arm/5.4.1/bin/../lib/gcc/arm-none-eabi/5.4.1/../../../../arm-none-eabi/lib/armv7-m\libg_nano.a(lib_a-impure.o)
                0x1fff812c                _impure_ptr
                0x1fff8130                . = ALIGN (0x8)
 *(.ram)
                0x1fff8130                _edata = .

.igot.plt       0x1fff8130        0x0 load address 0x00000ee0
 .igot.plt      0x1fff8130        0x0 f:/marcus/software/psoc creator/4.2/psoc creator/import/gnu/arm/5.4.1/bin/../lib/gcc/arm-none-eabi/5.4.1/armv7-m/crtbegin.o

.bss            0x1fff8130       0x50 load address 0x00000ee0
                0x1fff8130                PROVIDE (__bss_start__, .)
 *(.shbss)
 *(.bss .bss.* .gnu.linkonce.b.*)
 .bss           0x1fff8130       0x1c f:/marcus/software/psoc creator/4.2/psoc creator/import/gnu/arm/5.4.1/bin/../lib/gcc/arm-none-eabi/5.4.1/armv7-m/crtbegin.o
 .bss           0x1fff814c        0xc .\CortexM3\ARM_GCC_541\Debug\main.o
                0x1fff814c                globalRed
                0x1fff8150                globalGreen
                0x1fff8154                globalBlue
 .bss           0x1fff8158       0x1c .\CortexM3\ARM_GCC_541\Debug\light_control.o
 .bss           0x1fff8174        0x1 .\CortexM3\ARM_GCC_541\Debug\Design01.a(PWM_RED.o)
                0x1fff8174                PWM_RED_initVar
 .bss           0x1fff8175        0x1 .\CortexM3\ARM_GCC_541\Debug\Design01.a(PWM_GREEN.o)
                0x1fff8175                PWM_GREEN_initVar
 .bss           0x1fff8176        0x1 .\CortexM3\ARM_GCC_541\Debug\Design01.a(PWM_BLUE.o)
                0x1fff8176                PWM_BLUE_initVar
 .bss           0x1fff8177        0x2 .\CortexM3\ARM_GCC_541\Debug\Design01.a(UART_1.o)
                0x1fff8177                UART_1_initVar
 .bss           0x1fff8179        0x1 .\CortexM3\ARM_GCC_541\Debug\Design01.a(SPIM_led_control.o)
                0x1fff8179                SPIM_led_control_initVar
 .bss           0x1fff817a        0x1 .\CortexM3\ARM_GCC_541\Debug\Design01.a(Timer_led_updater.o)
                0x1fff817a                Timer_led_updater_initVar
 *(COMMON)
                0x1fff8180                . = ALIGN (0x8)
 *fill*         0x1fff817b        0x5 
 *(.ram.b)
                0x1fff8180                _end = .
                0x1fff8180                __end = .
                0x1fff8180                PROVIDE (end, .)
                0x1fff8180                PROVIDE (__bss_end__, .)
                0x00000e78                __cy_region_init_ram = LOADADDR (.data)
                0x00000068                __cy_region_init_size_ram = (_edata - ADDR (.data))
                0x00000050                __cy_region_zero_size_ram = (_end - _edata)

.heap           0x1fff8180       0x80 load address 0x00000ee0
                0x1fff8180                . = _end
                0x1fff8200                . = (. + 0x80)
 *fill*         0x1fff8180       0x80 
                0x1fff8200                __cy_heap_limit = .

.stack          0x20007800      0x800
                0x20007800                __cy_stack_limit = .
                0x20008000                . = (. + 0x800)
 *fill*         0x20007800      0x800 
                0x00000001                ASSERT ((__cy_stack_limit >= __cy_heap_limit), region RAM overflowed with stack)
                0x00000000                cy_checksum_exclude_size = (CY_APPL_LOADABLE == 0x1)?SIZEOF (.cy_checksum_exclude):0x0
                0x00000001                ASSERT ((cy_checksum_exclude_size <= CY_CHECKSUM_EXCLUDE_SIZE), CY_BOOT: Section .cy_checksum_exclude size exceedes specified limit.)

.cyloadermeta
 *(.cyloadermeta)

.cyloadablemeta
 *(.cyloadablemeta)

.cyconfigecc    0x80000000      0x730
 *(.cyconfigecc)
 .cyconfigecc   0x80000000      0x730 .\CortexM3\ARM_GCC_541\Debug\cymetadata.o
                0x80000000                cy_meta_configecc

.cycustnvl      0x90000000        0x4
 *(.cycustnvl)
 .cycustnvl     0x90000000        0x4 .\CortexM3\ARM_GCC_541\Debug\cymetadata.o
                0x90000000                cy_meta_custnvl

.cywolatch      0x90100000        0x4
 *(.cywolatch)
 .cywolatch     0x90100000        0x4 .\CortexM3\ARM_GCC_541\Debug\cymetadata.o
                0x90100000                cy_meta_wonvl

.cyeeprom       0x90200000        0x0
 *(.cyeeprom)
                0x00000001                ASSERT ((. <= ((0x90200000 + ee_offset) + ee_size)), .cyeeprom data will not fit in EEPROM)

.cyflashprotect
                0x90400000      0x100
 *(.cyflashprotect)
 .cyflashprotect
                0x90400000      0x100 .\CortexM3\ARM_GCC_541\Debug\cymetadata.o
                0x90400000                cy_meta_flashprotect

.cymeta         0x90500000        0xc
 *(.cymeta)
 .cymeta        0x90500000        0xc .\CortexM3\ARM_GCC_541\Debug\cymetadata.o
                0x90500000                cy_metadata

.rel.dyn        0x00000ee0        0x0 load address 0x9050000c
 .rel.iplt      0x00000ee0        0x0 f:/marcus/software/psoc creator/4.2/psoc creator/import/gnu/arm/5.4.1/bin/../lib/gcc/arm-none-eabi/5.4.1/armv7-m/crtbegin.o

.stab
 *(.stab)

.stabstr
 *(.stabstr)

.debug
 *(.debug)

.line
 *(.line)

.debug_srcinfo
 *(.debug_srcinfo)

.debug_sfnames
 *(.debug_sfnames)

.debug_aranges  0x00000000      0xbf0
 *(.debug_aranges)
 .debug_aranges
                0x00000000       0x30 .\CortexM3\ARM_GCC_541\Debug\main.o
 .debug_aranges
                0x00000030       0x58 .\CortexM3\ARM_GCC_541\Debug\rgb_led.o
 .debug_aranges
                0x00000088       0x58 .\CortexM3\ARM_GCC_541\Debug\light_control.o
 .debug_aranges
                0x000000e0       0x58 .\CortexM3\ARM_GCC_541\Debug\cyfitter_cfg.o
 .debug_aranges
                0x00000138       0x18 .\CortexM3\ARM_GCC_541\Debug\cymetadata.o
 .debug_aranges
                0x00000150       0x48 .\CortexM3\ARM_GCC_541\Debug\Cm3Start.o
 .debug_aranges
                0x00000198       0x98 .\CortexM3\ARM_GCC_541\Debug\Design01.a(PWM_RED.o)
 .debug_aranges
                0x00000230       0x98 .\CortexM3\ARM_GCC_541\Debug\Design01.a(PWM_GREEN.o)
 .debug_aranges
                0x000002c8       0x98 .\CortexM3\ARM_GCC_541\Debug\Design01.a(PWM_BLUE.o)
 .debug_aranges
                0x00000360       0xf0 .\CortexM3\ARM_GCC_541\Debug\Design01.a(UART_1.o)
 .debug_aranges
                0x00000450       0x80 .\CortexM3\ARM_GCC_541\Debug\Design01.a(isr_uart_rx.o)
 .debug_aranges
                0x000004d0       0x70 .\CortexM3\ARM_GCC_541\Debug\Design01.a(UART_1_IntClock.o)
 .debug_aranges
                0x00000540      0x2a0 .\CortexM3\ARM_GCC_541\Debug\Design01.a(CyLib.o)
 .debug_aranges
                0x000007e0       0x98 .\CortexM3\ARM_GCC_541\Debug\Design01.a(cyPm.o)
 .debug_aranges
                0x00000878       0xd8 .\CortexM3\ARM_GCC_541\Debug\Design01.a(SPIM_led_control.o)
 .debug_aranges
                0x00000950       0x38 .\CortexM3\ARM_GCC_541\Debug\Design01.a(Pin_latch.o)
 .debug_aranges
                0x00000988       0x88 .\CortexM3\ARM_GCC_541\Debug\Design01.a(Timer_led_updater.o)
 .debug_aranges
                0x00000a10       0x80 .\CortexM3\ARM_GCC_541\Debug\Design01.a(isr_update_leds.o)
 .debug_aranges
                0x00000a90       0x38 .\CortexM3\ARM_GCC_541\Debug\Design01.a(Pin_output_enable.o)
 .debug_aranges
                0x00000ac8       0x20 .\CortexM3\ARM_GCC_541\Debug\Design01.a(CyBootAsmGnu.o)
 .debug_aranges
                0x00000ae8       0x88 .\CortexM3\ARM_GCC_541\Debug\Design01.a(CyFlash.o)
 .debug_aranges
                0x00000b70       0x80 .\CortexM3\ARM_GCC_541\Debug\Design01.a(CySpc.o)

.debug_pubnames
 *(.debug_pubnames)

.debug_info     0x00000000     0x603a
 *(.debug_info .gnu.linkonce.wi.*)
 .debug_info    0x00000000      0x3e2 .\CortexM3\ARM_GCC_541\Debug\main.o
 .debug_info    0x000003e2      0x318 .\CortexM3\ARM_GCC_541\Debug\rgb_led.o
 .debug_info    0x000006fa      0x365 .\CortexM3\ARM_GCC_541\Debug\light_control.o
 .debug_info    0x00000a5f      0x5ba .\CortexM3\ARM_GCC_541\Debug\cyfitter_cfg.o
 .debug_info    0x00001019      0x139 .\CortexM3\ARM_GCC_541\Debug\cymetadata.o
 .debug_info    0x00001152      0x3bb .\CortexM3\ARM_GCC_541\Debug\Cm3Start.o
 .debug_info    0x0000150d      0x334 .\CortexM3\ARM_GCC_541\Debug\Design01.a(PWM_RED.o)
 .debug_info    0x00001841      0x334 .\CortexM3\ARM_GCC_541\Debug\Design01.a(PWM_GREEN.o)
 .debug_info    0x00001b75      0x334 .\CortexM3\ARM_GCC_541\Debug\Design01.a(PWM_BLUE.o)
 .debug_info    0x00001ea9      0x60c .\CortexM3\ARM_GCC_541\Debug\Design01.a(UART_1.o)
 .debug_info    0x000024b5      0x2d2 .\CortexM3\ARM_GCC_541\Debug\Design01.a(isr_uart_rx.o)
 .debug_info    0x00002787      0x283 .\CortexM3\ARM_GCC_541\Debug\Design01.a(UART_1_IntClock.o)
 .debug_info    0x00002a0a     0x1374 .\CortexM3\ARM_GCC_541\Debug\Design01.a(CyLib.o)
 .debug_info    0x00003d7e      0xa2a .\CortexM3\ARM_GCC_541\Debug\Design01.a(cyPm.o)
 .debug_info    0x000047a8      0x493 .\CortexM3\ARM_GCC_541\Debug\Design01.a(SPIM_led_control.o)
 .debug_info    0x00004c3b      0x11f .\CortexM3\ARM_GCC_541\Debug\Design01.a(Pin_latch.o)
 .debug_info    0x00004d5a      0x291 .\CortexM3\ARM_GCC_541\Debug\Design01.a(Timer_led_updater.o)
 .debug_info    0x00004feb      0x2d2 .\CortexM3\ARM_GCC_541\Debug\Design01.a(isr_update_leds.o)
 .debug_info    0x000052bd      0x11f .\CortexM3\ARM_GCC_541\Debug\Design01.a(Pin_output_enable.o)
 .debug_info    0x000053dc       0xc1 .\CortexM3\ARM_GCC_541\Debug\Design01.a(CyBootAsmGnu.o)
 .debug_info    0x0000549d      0x64d .\CortexM3\ARM_GCC_541\Debug\Design01.a(CyFlash.o)
 .debug_info    0x00005aea      0x550 .\CortexM3\ARM_GCC_541\Debug\Design01.a(CySpc.o)

.debug_abbrev   0x00000000     0x1c4f
 *(.debug_abbrev)
 .debug_abbrev  0x00000000      0x15d .\CortexM3\ARM_GCC_541\Debug\main.o
 .debug_abbrev  0x0000015d      0x146 .\CortexM3\ARM_GCC_541\Debug\rgb_led.o
 .debug_abbrev  0x000002a3      0x145 .\CortexM3\ARM_GCC_541\Debug\light_control.o
 .debug_abbrev  0x000003e8      0x20d .\CortexM3\ARM_GCC_541\Debug\cyfitter_cfg.o
 .debug_abbrev  0x000005f5       0x77 .\CortexM3\ARM_GCC_541\Debug\cymetadata.o
 .debug_abbrev  0x0000066c      0x1e8 .\CortexM3\ARM_GCC_541\Debug\Cm3Start.o
 .debug_abbrev  0x00000854      0x133 .\CortexM3\ARM_GCC_541\Debug\Design01.a(PWM_RED.o)
 .debug_abbrev  0x00000987      0x133 .\CortexM3\ARM_GCC_541\Debug\Design01.a(PWM_GREEN.o)
 .debug_abbrev  0x00000aba      0x133 .\CortexM3\ARM_GCC_541\Debug\Design01.a(PWM_BLUE.o)
 .debug_abbrev  0x00000bed      0x175 .\CortexM3\ARM_GCC_541\Debug\Design01.a(UART_1.o)
 .debug_abbrev  0x00000d62      0x173 .\CortexM3\ARM_GCC_541\Debug\Design01.a(isr_uart_rx.o)
 .debug_abbrev  0x00000ed5      0x139 .\CortexM3\ARM_GCC_541\Debug\Design01.a(UART_1_IntClock.o)
 .debug_abbrev  0x0000100e      0x254 .\CortexM3\ARM_GCC_541\Debug\Design01.a(CyLib.o)
 .debug_abbrev  0x00001262      0x1ab .\CortexM3\ARM_GCC_541\Debug\Design01.a(cyPm.o)
 .debug_abbrev  0x0000140d      0x146 .\CortexM3\ARM_GCC_541\Debug\Design01.a(SPIM_led_control.o)
 .debug_abbrev  0x00001553       0x90 .\CortexM3\ARM_GCC_541\Debug\Design01.a(Pin_latch.o)
 .debug_abbrev  0x000015e3      0x11a .\CortexM3\ARM_GCC_541\Debug\Design01.a(Timer_led_updater.o)
 .debug_abbrev  0x000016fd      0x173 .\CortexM3\ARM_GCC_541\Debug\Design01.a(isr_update_leds.o)
 .debug_abbrev  0x00001870       0x90 .\CortexM3\ARM_GCC_541\Debug\Design01.a(Pin_output_enable.o)
 .debug_abbrev  0x00001900       0x14 .\CortexM3\ARM_GCC_541\Debug\Design01.a(CyBootAsmGnu.o)
 .debug_abbrev  0x00001914      0x1a7 .\CortexM3\ARM_GCC_541\Debug\Design01.a(CyFlash.o)
 .debug_abbrev  0x00001abb      0x194 .\CortexM3\ARM_GCC_541\Debug\Design01.a(CySpc.o)

.debug_line     0x00000000     0x2bc9
 *(.debug_line)
 .debug_line    0x00000000      0x1cb .\CortexM3\ARM_GCC_541\Debug\main.o
 .debug_line    0x000001cb      0x1f3 .\CortexM3\ARM_GCC_541\Debug\rgb_led.o
 .debug_line    0x000003be      0x265 .\CortexM3\ARM_GCC_541\Debug\light_control.o
 .debug_line    0x00000623      0x1ed .\CortexM3\ARM_GCC_541\Debug\cyfitter_cfg.o
 .debug_line    0x00000810      0x129 .\CortexM3\ARM_GCC_541\Debug\cymetadata.o
 .debug_line    0x00000939      0x21c .\CortexM3\ARM_GCC_541\Debug\Cm3Start.o
 .debug_line    0x00000b55      0x187 .\CortexM3\ARM_GCC_541\Debug\Design01.a(PWM_RED.o)
 .debug_line    0x00000cdc      0x189 .\CortexM3\ARM_GCC_541\Debug\Design01.a(PWM_GREEN.o)
 .debug_line    0x00000e65      0x188 .\CortexM3\ARM_GCC_541\Debug\Design01.a(PWM_BLUE.o)
 .debug_line    0x00000fed      0x2c0 .\CortexM3\ARM_GCC_541\Debug\Design01.a(UART_1.o)
 .debug_line    0x000012ad      0x138 .\CortexM3\ARM_GCC_541\Debug\Design01.a(isr_uart_rx.o)
 .debug_line    0x000013e5      0x17e .\CortexM3\ARM_GCC_541\Debug\Design01.a(UART_1_IntClock.o)
 .debug_line    0x00001563      0x816 .\CortexM3\ARM_GCC_541\Debug\Design01.a(CyLib.o)
 .debug_line    0x00001d79      0x367 .\CortexM3\ARM_GCC_541\Debug\Design01.a(cyPm.o)
 .debug_line    0x000020e0      0x23a .\CortexM3\ARM_GCC_541\Debug\Design01.a(SPIM_led_control.o)
 .debug_line    0x0000231a       0x96 .\CortexM3\ARM_GCC_541\Debug\Design01.a(Pin_latch.o)
 .debug_line    0x000023b0      0x15f .\CortexM3\ARM_GCC_541\Debug\Design01.a(Timer_led_updater.o)
 .debug_line    0x0000250f      0x13c .\CortexM3\ARM_GCC_541\Debug\Design01.a(isr_update_leds.o)
 .debug_line    0x0000264b       0x9e .\CortexM3\ARM_GCC_541\Debug\Design01.a(Pin_output_enable.o)
 .debug_line    0x000026e9       0x66 .\CortexM3\ARM_GCC_541\Debug\Design01.a(CyBootAsmGnu.o)
 .debug_line    0x0000274f      0x21a .\CortexM3\ARM_GCC_541\Debug\Design01.a(CyFlash.o)
 .debug_line    0x00002969      0x260 .\CortexM3\ARM_GCC_541\Debug\Design01.a(CySpc.o)

.debug_frame    0x00000000     0x1d4c
 *(.debug_frame)
 .debug_frame   0x00000000       0x6c .\CortexM3\ARM_GCC_541\Debug\main.o
 .debug_frame   0x0000006c       0xf0 .\CortexM3\ARM_GCC_541\Debug\rgb_led.o
 .debug_frame   0x0000015c       0xf0 .\CortexM3\ARM_GCC_541\Debug\light_control.o
 .debug_frame   0x0000024c       0xe4 .\CortexM3\ARM_GCC_541\Debug\cyfitter_cfg.o
 .debug_frame   0x00000330       0xb8 .\CortexM3\ARM_GCC_541\Debug\Cm3Start.o
 .debug_frame   0x000003e8      0x134 .\CortexM3\ARM_GCC_541\Debug\Design01.a(PWM_RED.o)
 .debug_frame   0x0000051c      0x134 .\CortexM3\ARM_GCC_541\Debug\Design01.a(PWM_GREEN.o)
 .debug_frame   0x00000650      0x134 .\CortexM3\ARM_GCC_541\Debug\Design01.a(PWM_BLUE.o)
 .debug_frame   0x00000784      0x250 .\CortexM3\ARM_GCC_541\Debug\Design01.a(UART_1.o)
 .debug_frame   0x000009d4      0x104 .\CortexM3\ARM_GCC_541\Debug\Design01.a(isr_uart_rx.o)
 .debug_frame   0x00000ad8       0xe0 .\CortexM3\ARM_GCC_541\Debug\Design01.a(UART_1_IntClock.o)
 .debug_frame   0x00000bb8      0x738 .\CortexM3\ARM_GCC_541\Debug\Design01.a(CyLib.o)
 .debug_frame   0x000012f0      0x1f8 .\CortexM3\ARM_GCC_541\Debug\Design01.a(cyPm.o)
 .debug_frame   0x000014e8      0x1e8 .\CortexM3\ARM_GCC_541\Debug\Design01.a(SPIM_led_control.o)
 .debug_frame   0x000016d0       0x50 .\CortexM3\ARM_GCC_541\Debug\Design01.a(Pin_latch.o)
 .debug_frame   0x00001720      0x108 .\CortexM3\ARM_GCC_541\Debug\Design01.a(Timer_led_updater.o)
 .debug_frame   0x00001828      0x104 .\CortexM3\ARM_GCC_541\Debug\Design01.a(isr_update_leds.o)
 .debug_frame   0x0000192c       0x50 .\CortexM3\ARM_GCC_541\Debug\Design01.a(Pin_output_enable.o)
 .debug_frame   0x0000197c      0x194 .\CortexM3\ARM_GCC_541\Debug\Design01.a(CyFlash.o)
 .debug_frame   0x00001b10      0x180 .\CortexM3\ARM_GCC_541\Debug\Design01.a(CySpc.o)
 .debug_frame   0x00001c90       0x20 f:/marcus/software/psoc creator/4.2/psoc creator/import/gnu/arm/5.4.1/bin/../lib/gcc/arm-none-eabi/5.4.1/../../../../arm-none-eabi/lib/armv7-m\libg_nano.a(lib_a-errno.o)
 .debug_frame   0x00001cb0       0x28 f:/marcus/software/psoc creator/4.2/psoc creator/import/gnu/arm/5.4.1/bin/../lib/gcc/arm-none-eabi/5.4.1/../../../../arm-none-eabi/lib/armv7-m\libg_nano.a(lib_a-exit.o)
 .debug_frame   0x00001cd8       0x2c f:/marcus/software/psoc creator/4.2/psoc creator/import/gnu/arm/5.4.1/bin/../lib/gcc/arm-none-eabi/5.4.1/../../../../arm-none-eabi/lib/armv7-m\libg_nano.a(lib_a-init.o)
 .debug_frame   0x00001d04       0x28 f:/marcus/software/psoc creator/4.2/psoc creator/import/gnu/arm/5.4.1/bin/../lib/gcc/arm-none-eabi/5.4.1/../../../../arm-none-eabi/lib/armv7-m\libg_nano.a(lib_a-memcpy-stub.o)
 .debug_frame   0x00001d2c       0x20 f:/marcus/software/psoc creator/4.2/psoc creator/import/gnu/arm/5.4.1/bin/../lib/gcc/arm-none-eabi/5.4.1/../../../../arm-none-eabi/lib/armv7-m\libg_nano.a(lib_a-memset.o)

.debug_str      0x00000000     0x2703
 *(.debug_str)
 .debug_str     0x00000000      0x2b2 .\CortexM3\ARM_GCC_541\Debug\main.o
                                0x302 (size before relaxing)
 .debug_str     0x000002b2       0xfc .\CortexM3\ARM_GCC_541\Debug\rgb_led.o
                                0x2f2 (size before relaxing)
 .debug_str     0x000003ae       0xfc .\CortexM3\ARM_GCC_541\Debug\light_control.o
                                0x337 (size before relaxing)
 .debug_str     0x000004aa      0x1bc .\CortexM3\ARM_GCC_541\Debug\cyfitter_cfg.o
                                0x375 (size before relaxing)
 .debug_str     0x00000666       0x75 .\CortexM3\ARM_GCC_541\Debug\cymetadata.o
                                0x215 (size before relaxing)
 .debug_str     0x000006db      0x144 .\CortexM3\ARM_GCC_541\Debug\Cm3Start.o
                                0x33b (size before relaxing)
 .debug_str     0x0000081f      0x1ba .\CortexM3\ARM_GCC_541\Debug\Design01.a(PWM_RED.o)
                                0x3a8 (size before relaxing)
 .debug_str     0x000009d9      0x174 .\CortexM3\ARM_GCC_541\Debug\Design01.a(PWM_GREEN.o)
                                0x3ce (size before relaxing)
 .debug_str     0x00000b4d      0x164 .\CortexM3\ARM_GCC_541\Debug\Design01.a(PWM_BLUE.o)
                                0x3bb (size before relaxing)
 .debug_str     0x00000cb1      0x283 .\CortexM3\ARM_GCC_541\Debug\Design01.a(UART_1.o)
                                0x4e4 (size before relaxing)
 .debug_str     0x00000f34      0x13e .\CortexM3\ARM_GCC_541\Debug\Design01.a(isr_uart_rx.o)
                                0x32b (size before relaxing)
 .debug_str     0x00001072      0x19d .\CortexM3\ARM_GCC_541\Debug\Design01.a(UART_1_IntClock.o)
                                0x37f (size before relaxing)
 .debug_str     0x0000120f      0x7fa .\CortexM3\ARM_GCC_541\Debug\Design01.a(CyLib.o)
                                0xa78 (size before relaxing)
 .debug_str     0x00001a09      0x365 .\CortexM3\ARM_GCC_541\Debug\Design01.a(cyPm.o)
                                0x764 (size before relaxing)
 .debug_str     0x00001d6e      0x30d .\CortexM3\ARM_GCC_541\Debug\Design01.a(SPIM_led_control.o)
                                0x566 (size before relaxing)
 .debug_str     0x0000207b       0x6a .\CortexM3\ARM_GCC_541\Debug\Design01.a(Pin_latch.o)
                                0x227 (size before relaxing)
 .debug_str     0x000020e5      0x1e5 .\CortexM3\ARM_GCC_541\Debug\Design01.a(Timer_led_updater.o)
                                0x3e6 (size before relaxing)
 .debug_str     0x000022ca      0x15a .\CortexM3\ARM_GCC_541\Debug\Design01.a(isr_update_leds.o)
                                0x363 (size before relaxing)
 .debug_str     0x00002424       0x7f .\CortexM3\ARM_GCC_541\Debug\Design01.a(Pin_output_enable.o)
                                0x24f (size before relaxing)
 .debug_str     0x000024a3      0x1b4 .\CortexM3\ARM_GCC_541\Debug\Design01.a(CyFlash.o)
                                0x3f1 (size before relaxing)
 .debug_str     0x00002657       0xac .\CortexM3\ARM_GCC_541\Debug\Design01.a(CySpc.o)
                                0x369 (size before relaxing)

.debug_loc      0x00000000     0x21cd
 *(.debug_loc)
 .debug_loc     0x00000000       0x52 .\CortexM3\ARM_GCC_541\Debug\main.o
 .debug_loc     0x00000052       0xc6 .\CortexM3\ARM_GCC_541\Debug\rgb_led.o
 .debug_loc     0x00000118       0x4b .\CortexM3\ARM_GCC_541\Debug\light_control.o
 .debug_loc     0x00000163      0x25a .\CortexM3\ARM_GCC_541\Debug\cyfitter_cfg.o
 .debug_loc     0x000003bd      0x144 .\CortexM3\ARM_GCC_541\Debug\Cm3Start.o
 .debug_loc     0x00000501       0x26 .\CortexM3\ARM_GCC_541\Debug\Design01.a(PWM_RED.o)
 .debug_loc     0x00000527       0x26 .\CortexM3\ARM_GCC_541\Debug\Design01.a(PWM_GREEN.o)
 .debug_loc     0x0000054d       0x26 .\CortexM3\ARM_GCC_541\Debug\Design01.a(PWM_BLUE.o)
 .debug_loc     0x00000573      0x258 .\CortexM3\ARM_GCC_541\Debug\Design01.a(UART_1.o)
 .debug_loc     0x000007cb       0x56 .\CortexM3\ARM_GCC_541\Debug\Design01.a(isr_uart_rx.o)
 .debug_loc     0x00000821      0x128 .\CortexM3\ARM_GCC_541\Debug\Design01.a(UART_1_IntClock.o)
 .debug_loc     0x00000949      0xa11 .\CortexM3\ARM_GCC_541\Debug\Design01.a(CyLib.o)
 .debug_loc     0x0000135a      0x1e4 .\CortexM3\ARM_GCC_541\Debug\Design01.a(cyPm.o)
 .debug_loc     0x0000153e       0xfe .\CortexM3\ARM_GCC_541\Debug\Design01.a(SPIM_led_control.o)
 .debug_loc     0x0000163c       0x42 .\CortexM3\ARM_GCC_541\Debug\Design01.a(Pin_latch.o)
 .debug_loc     0x0000167e       0x56 .\CortexM3\ARM_GCC_541\Debug\Design01.a(isr_update_leds.o)
 .debug_loc     0x000016d4       0x42 .\CortexM3\ARM_GCC_541\Debug\Design01.a(Pin_output_enable.o)
 .debug_loc     0x00001716      0x3b2 .\CortexM3\ARM_GCC_541\Debug\Design01.a(CyFlash.o)
 .debug_loc     0x00001ac8      0x705 .\CortexM3\ARM_GCC_541\Debug\Design01.a(CySpc.o)

.debug_macinfo
 *(.debug_macinfo)

.debug_ranges   0x00000000      0xa78
 *(.debug_ranges)
 .debug_ranges  0x00000000       0x20 .\CortexM3\ARM_GCC_541\Debug\main.o
 .debug_ranges  0x00000020       0x48 .\CortexM3\ARM_GCC_541\Debug\rgb_led.o
 .debug_ranges  0x00000068       0x48 .\CortexM3\ARM_GCC_541\Debug\light_control.o
 .debug_ranges  0x000000b0       0x48 .\CortexM3\ARM_GCC_541\Debug\cyfitter_cfg.o
 .debug_ranges  0x000000f8       0x38 .\CortexM3\ARM_GCC_541\Debug\Cm3Start.o
 .debug_ranges  0x00000130       0x88 .\CortexM3\ARM_GCC_541\Debug\Design01.a(PWM_RED.o)
 .debug_ranges  0x000001b8       0x88 .\CortexM3\ARM_GCC_541\Debug\Design01.a(PWM_GREEN.o)
 .debug_ranges  0x00000240       0x88 .\CortexM3\ARM_GCC_541\Debug\Design01.a(PWM_BLUE.o)
 .debug_ranges  0x000002c8       0xe0 .\CortexM3\ARM_GCC_541\Debug\Design01.a(UART_1.o)
 .debug_ranges  0x000003a8       0x70 .\CortexM3\ARM_GCC_541\Debug\Design01.a(isr_uart_rx.o)
 .debug_ranges  0x00000418       0x60 .\CortexM3\ARM_GCC_541\Debug\Design01.a(UART_1_IntClock.o)
 .debug_ranges  0x00000478      0x290 .\CortexM3\ARM_GCC_541\Debug\Design01.a(CyLib.o)
 .debug_ranges  0x00000708       0x88 .\CortexM3\ARM_GCC_541\Debug\Design01.a(cyPm.o)
 .debug_ranges  0x00000790       0xc8 .\CortexM3\ARM_GCC_541\Debug\Design01.a(SPIM_led_control.o)
 .debug_ranges  0x00000858       0x28 .\CortexM3\ARM_GCC_541\Debug\Design01.a(Pin_latch.o)
 .debug_ranges  0x00000880       0x78 .\CortexM3\ARM_GCC_541\Debug\Design01.a(Timer_led_updater.o)
 .debug_ranges  0x000008f8       0x70 .\CortexM3\ARM_GCC_541\Debug\Design01.a(isr_update_leds.o)
 .debug_ranges  0x00000968       0x28 .\CortexM3\ARM_GCC_541\Debug\Design01.a(Pin_output_enable.o)
 .debug_ranges  0x00000990       0x78 .\CortexM3\ARM_GCC_541\Debug\Design01.a(CyFlash.o)
 .debug_ranges  0x00000a08       0x70 .\CortexM3\ARM_GCC_541\Debug\Design01.a(CySpc.o)

.comment        0x00000000       0x6e
 .comment       0x00000000       0x6e .\CortexM3\ARM_GCC_541\Debug\main.o
                                 0x6f (size before relaxing)
 .comment       0x0000006e       0x6f .\CortexM3\ARM_GCC_541\Debug\rgb_led.o
 .comment       0x0000006e       0x6f .\CortexM3\ARM_GCC_541\Debug\light_control.o
 .comment       0x0000006e       0x6f .\CortexM3\ARM_GCC_541\Debug\cyfitter_cfg.o
 .comment       0x0000006e       0x6f .\CortexM3\ARM_GCC_541\Debug\cymetadata.o
 .comment       0x0000006e       0x6f .\CortexM3\ARM_GCC_541\Debug\Cm3Start.o
 .comment       0x0000006e       0x6f .\CortexM3\ARM_GCC_541\Debug\Design01.a(PWM_RED.o)
 .comment       0x0000006e       0x6f .\CortexM3\ARM_GCC_541\Debug\Design01.a(PWM_GREEN.o)
 .comment       0x0000006e       0x6f .\CortexM3\ARM_GCC_541\Debug\Design01.a(PWM_BLUE.o)
 .comment       0x0000006e       0x6f .\CortexM3\ARM_GCC_541\Debug\Design01.a(UART_1.o)
 .comment       0x0000006e       0x6f .\CortexM3\ARM_GCC_541\Debug\Design01.a(isr_uart_rx.o)
 .comment       0x0000006e       0x6f .\CortexM3\ARM_GCC_541\Debug\Design01.a(UART_1_IntClock.o)
 .comment       0x0000006e       0x6f .\CortexM3\ARM_GCC_541\Debug\Design01.a(CyLib.o)
 .comment       0x0000006e       0x6f .\CortexM3\ARM_GCC_541\Debug\Design01.a(cyPm.o)
 .comment       0x0000006e       0x6f .\CortexM3\ARM_GCC_541\Debug\Design01.a(SPIM_led_control.o)
 .comment       0x0000006e       0x6f .\CortexM3\ARM_GCC_541\Debug\Design01.a(Pin_latch.o)
 .comment       0x0000006e       0x6f .\CortexM3\ARM_GCC_541\Debug\Design01.a(Timer_led_updater.o)
 .comment       0x0000006e       0x6f .\CortexM3\ARM_GCC_541\Debug\Design01.a(isr_update_leds.o)
 .comment       0x0000006e       0x6f .\CortexM3\ARM_GCC_541\Debug\Design01.a(Pin_output_enable.o)
 .comment       0x0000006e       0x6f .\CortexM3\ARM_GCC_541\Debug\Design01.a(CyFlash.o)
 .comment       0x0000006e       0x6f .\CortexM3\ARM_GCC_541\Debug\Design01.a(CySpc.o)

.debug_weaknames
 *(.debug_weaknames)

.debug_funcnames
 *(.debug_funcnames)

.debug_typenames
 *(.debug_typenames)

.debug_varnames
 *(.debug_varnames)

.note.gnu.arm.ident
 *(.note.gnu.arm.ident)

.ARM.attributes
                0x00000000       0x29
 *(.ARM.attributes)
 .ARM.attributes
                0x00000000       0x1d f:/marcus/software/psoc creator/4.2/psoc creator/import/gnu/arm/5.4.1/bin/../lib/gcc/arm-none-eabi/5.4.1/armv7-m/crti.o
 .ARM.attributes
                0x0000001d       0x2d f:/marcus/software/psoc creator/4.2/psoc creator/import/gnu/arm/5.4.1/bin/../lib/gcc/arm-none-eabi/5.4.1/armv7-m/crtbegin.o
 .ARM.attributes
                0x0000004a       0x1b f:/marcus/software/psoc creator/4.2/psoc creator/import/gnu/arm/5.4.1/bin/../lib/gcc/arm-none-eabi/5.4.1/../../../../arm-none-eabi/lib/armv7-m/crt0.o
 .ARM.attributes
                0x00000065       0x33 .\CortexM3\ARM_GCC_541\Debug\main.o
 .ARM.attributes
                0x00000098       0x33 .\CortexM3\ARM_GCC_541\Debug\rgb_led.o
 .ARM.attributes
                0x000000cb       0x33 .\CortexM3\ARM_GCC_541\Debug\light_control.o
 .ARM.attributes
                0x000000fe       0x33 .\CortexM3\ARM_GCC_541\Debug\cyfitter_cfg.o
 .ARM.attributes
                0x00000131       0x33 .\CortexM3\ARM_GCC_541\Debug\cymetadata.o
 .ARM.attributes
                0x00000164       0x33 .\CortexM3\ARM_GCC_541\Debug\Cm3Start.o
 .ARM.attributes
                0x00000197       0x33 .\CortexM3\ARM_GCC_541\Debug\Design01.a(PWM_RED.o)
 .ARM.attributes
                0x000001ca       0x33 .\CortexM3\ARM_GCC_541\Debug\Design01.a(PWM_GREEN.o)
 .ARM.attributes
                0x000001fd       0x33 .\CortexM3\ARM_GCC_541\Debug\Design01.a(PWM_BLUE.o)
 .ARM.attributes
                0x00000230       0x33 .\CortexM3\ARM_GCC_541\Debug\Design01.a(UART_1.o)
 .ARM.attributes
                0x00000263       0x33 .\CortexM3\ARM_GCC_541\Debug\Design01.a(isr_uart_rx.o)
 .ARM.attributes
                0x00000296       0x33 .\CortexM3\ARM_GCC_541\Debug\Design01.a(UART_1_IntClock.o)
 .ARM.attributes
                0x000002c9       0x33 .\CortexM3\ARM_GCC_541\Debug\Design01.a(CyLib.o)
 .ARM.attributes
                0x000002fc       0x33 .\CortexM3\ARM_GCC_541\Debug\Design01.a(cyPm.o)
 .ARM.attributes
                0x0000032f       0x33 .\CortexM3\ARM_GCC_541\Debug\Design01.a(SPIM_led_control.o)
 .ARM.attributes
                0x00000362       0x33 .\CortexM3\ARM_GCC_541\Debug\Design01.a(Pin_latch.o)
 .ARM.attributes
                0x00000395       0x33 .\CortexM3\ARM_GCC_541\Debug\Design01.a(Timer_led_updater.o)
 .ARM.attributes
                0x000003c8       0x33 .\CortexM3\ARM_GCC_541\Debug\Design01.a(isr_update_leds.o)
 .ARM.attributes
                0x000003fb       0x33 .\CortexM3\ARM_GCC_541\Debug\Design01.a(Pin_output_enable.o)
 .ARM.attributes
                0x0000042e       0x21 .\CortexM3\ARM_GCC_541\Debug\Design01.a(CyBootAsmGnu.o)
 .ARM.attributes
                0x0000044f       0x33 .\CortexM3\ARM_GCC_541\Debug\Design01.a(CyFlash.o)
 .ARM.attributes
                0x00000482       0x33 .\CortexM3\ARM_GCC_541\Debug\Design01.a(CySpc.o)
 .ARM.attributes
                0x000004b5       0x2d f:/marcus/software/psoc creator/4.2/psoc creator/import/gnu/arm/5.4.1/bin/../lib/gcc/arm-none-eabi/5.4.1/../../../../arm-none-eabi/lib/armv7-m\libg_nano.a(lib_a-errno.o)
 .ARM.attributes
                0x000004e2       0x2d f:/marcus/software/psoc creator/4.2/psoc creator/import/gnu/arm/5.4.1/bin/../lib/gcc/arm-none-eabi/5.4.1/../../../../arm-none-eabi/lib/armv7-m\libg_nano.a(lib_a-exit.o)
 .ARM.attributes
                0x0000050f       0x2d f:/marcus/software/psoc creator/4.2/psoc creator/import/gnu/arm/5.4.1/bin/../lib/gcc/arm-none-eabi/5.4.1/../../../../arm-none-eabi/lib/armv7-m\libg_nano.a(lib_a-impure.o)
 .ARM.attributes
                0x0000053c       0x2d f:/marcus/software/psoc creator/4.2/psoc creator/import/gnu/arm/5.4.1/bin/../lib/gcc/arm-none-eabi/5.4.1/../../../../arm-none-eabi/lib/armv7-m\libg_nano.a(lib_a-init.o)
 .ARM.attributes
                0x00000569       0x2d f:/marcus/software/psoc creator/4.2/psoc creator/import/gnu/arm/5.4.1/bin/../lib/gcc/arm-none-eabi/5.4.1/../../../../arm-none-eabi/lib/armv7-m\libg_nano.a(lib_a-memcpy-stub.o)
 .ARM.attributes
                0x00000596       0x2d f:/marcus/software/psoc creator/4.2/psoc creator/import/gnu/arm/5.4.1/bin/../lib/gcc/arm-none-eabi/5.4.1/../../../../arm-none-eabi/lib/armv7-m\libg_nano.a(lib_a-memset.o)
 .ARM.attributes
                0x000005c3       0x2d f:/marcus/software/psoc creator/4.2/psoc creator/import/gnu/arm/5.4.1/bin/../lib/gcc/arm-none-eabi/5.4.1/armv7-m/crtend.o
 .ARM.attributes
                0x000005f0       0x1d f:/marcus/software/psoc creator/4.2/psoc creator/import/gnu/arm/5.4.1/bin/../lib/gcc/arm-none-eabi/5.4.1/armv7-m/crtn.o

/DISCARD/
 *(.note.GNU-stack)
OUTPUT(C:\Users\Marcus Gasberg\Documents\GitHub\i3prj_projekt\Softwaredesign\Demoer\BeerPongTable_LED_Demo\Design01.cydsn\CortexM3\ARM_GCC_541\Debug\Design01.elf elf32-littlearm)
